// Jest Snapshot v1, https://goo.gl/fbAQLP

exports[`Error should match the snapshot 1`] = `
<section
  className="section section--error-msg"
>
  <h1>
    !WARNING
  </h1>
  <p />
  <button
    className="button button--error"
  >
    Acknowledge
  </button>
</section>
`;
